// Jest Snapshot v1, https://goo.gl/fbAQLP

exports[`renders correctly 1`] = `
<div
  class="ant-card content-block"
>
  <div
    class="ant-card-body"
  />
</div>
`;
